merge dry-run feature-session into main; target unchanged
  base: <BASE>
  source: <SOURCE>
  target: <TARGET>
  target dir: <TARGET_DIR>
  file actions: 1 conflicts: 1 semantic candidates: 1
  write_conflict_markers: docs/spec/session.md
Semantic conflict candidates:
  REQ-session source=sha256:req-source target=sha256:req-target
